[debug] [2026-03-18T09:41:44.535Z] ----------------------------------------------------------------------
[debug] [2026-03-18T09:41:44.538Z] Command:       /Users/robert.molloy/.nvm/versions/node/v22.17.0/bin/node /Users/robert.molloy/.nvm/versions/node/v22.17.0/bin/firebase init
[debug] [2026-03-18T09:41:44.538Z] CLI Version:   15.10.1
[debug] [2026-03-18T09:41:44.539Z] Platform:      darwin
[debug] [2026-03-18T09:41:44.539Z] Node Version:  v22.17.0
[debug] [2026-03-18T09:41:44.539Z] Time:          Wed Mar 18 2026 09:41:44 GMT+0000 (Greenwich Mean Time)
[debug] [2026-03-18T09:41:44.539Z] ----------------------------------------------------------------------
[debug] 
[info] 
     ######## #### ########  ######## ########     ###     ######  ########
     ##        ##  ##     ## ##       ##     ##  ##   ##  ##       ##
     ######    ##  ########  ######   ########  #########  ######  ######
     ##        ##  ##    ##  ##       ##     ## ##     ##       ## ##
     ##       #### ##     ## ######## ########  ##     ##  ######  ########

You're about to initialize a Firebase project in this directory:

  /Users/robert.molloy/Projects/current/pokkit-turborepo

[info] 
=== Project Setup
[info] 
[info] First, let's associate this project directory with a Firebase project.
[info] You can create multiple project aliases by running firebase use --add, 
[info] 
[debug] [2026-03-18T09:41:53.259Z] > command requires scopes: ["email","openid","https://www.googleapis.com/auth/cloudplatformprojects.readonly","https://www.googleapis.com/auth/firebase","https://www.googleapis.com/auth/cloud-platform"]
[debug] [2026-03-18T09:41:53.259Z] > authorizing via signed-in user (pokkit.auth@gmail.com)
[debug] [2026-03-18T09:41:53.267Z] Checked if tokens are valid: true, expires at: 1773830201426
[debug] [2026-03-18T09:41:53.267Z] Checked if tokens are valid: true, expires at: 1773830201426
[debug] [2026-03-18T09:41:53.269Z] >>> [apiv2][query] GET https://firebase.googleapis.com/v1beta1/projects pageSize=100
[debug] [2026-03-18T09:41:53.911Z] <<< [apiv2][status] GET https://firebase.googleapis.com/v1beta1/projects 200
[debug] [2026-03-18T09:41:53.912Z] <<< [apiv2][body] GET https://firebase.googleapis.com/v1beta1/projects [omitted]
[info] 
=== Hosting Setup
[debug] [2026-03-18T09:42:14.413Z] Error: Cannot find module 'vite'
Require stack:
- /Users/robert.molloy/.nvm/versions/node/v22.17.0/lib/node_modules/firebase-tools/lib/frameworks/utils.js
- /Users/robert.molloy/.nvm/versions/node/v22.17.0/lib/node_modules/firebase-tools/lib/frameworks/index.js
- /Users/robert.molloy/.nvm/versions/node/v22.17.0/lib/node_modules/firebase-tools/lib/init/features/hosting/index.js
- /Users/robert.molloy/.nvm/versions/node/v22.17.0/lib/node_modules/firebase-tools/lib/init/features/index.js
- /Users/robert.molloy/.nvm/versions/node/v22.17.0/lib/node_modules/firebase-tools/lib/init/index.js
- /Users/robert.molloy/.nvm/versions/node/v22.17.0/lib/node_modules/firebase-tools/lib/commands/init.js
- /Users/robert.molloy/.nvm/versions/node/v22.17.0/lib/node_modules/firebase-tools/lib/commands/index.js
- /Users/robert.molloy/.nvm/versions/node/v22.17.0/lib/node_modules/firebase-tools/lib/index.js
- /Users/robert.molloy/.nvm/versions/node/v22.17.0/lib/node_modules/firebase-tools/lib/bin/cli.js
- /Users/robert.molloy/.nvm/versions/node/v22.17.0/lib/node_modules/firebase-tools/lib/bin/firebase.js
    at Function._resolveFilename (node:internal/modules/cjs/loader:1401:15)
    at Function.resolve (node:internal/modules/helpers:145:19)
    at relativeRequire (/Users/robert.molloy/.nvm/versions/node/v22.17.0/lib/node_modules/firebase-tools/lib/frameworks/utils.js:210:34)
    at getConfig (/Users/robert.molloy/.nvm/versions/node/v22.17.0/lib/node_modules/firebase-tools/lib/frameworks/vite/index.js:112:65)
    at discover (/Users/robert.molloy/.nvm/versions/node/v22.17.0/lib/node_modules/firebase-tools/lib/frameworks/vite/index.js:65:68)
    at async /Users/robert.molloy/.nvm/versions/node/v22.17.0/lib/node_modules/firebase-tools/lib/frameworks/vite/index.js:44:55
    at async discover (/Users/robert.molloy/.nvm/versions/node/v22.17.0/lib/node_modules/firebase-tools/lib/frameworks/index.js:50:32)
    at async Object.askQuestions (/Users/robert.molloy/.nvm/versions/node/v22.17.0/lib/node_modules/firebase-tools/lib/init/features/hosting/index.js:23:33)
    at async init (/Users/robert.molloy/.nvm/versions/node/v22.17.0/lib/node_modules/firebase-tools/lib/init/index.js:96:17)
    at async Command.initAction [as actionFn] (/Users/robert.molloy/.nvm/versions/node/v22.17.0/lib/node_modules/firebase-tools/lib/commands/init.js:231:5)
[error] 
[error] Error: An unexpected error has occurred.
